> Task :app:preBuild UP-TO-DATE
> Task :app:preDebugBuild UP-TO-DATE
> Task :app:mergeDebugNativeDebugMetadata NO-SOURCE
> Task :app:checkKotlinGradlePluginConfigurationErrors SKIPPED
> Task :app:checkDebugAarMetadata FAILED
.\gradlew.bat : 
At line:1 char:1
+ .\gradlew.bat assembleDebug > 
build_output.txt 2>&1
+ ~~~~~~~~~~~~~~~~~~~~~~~~~~~~~~~~~~~~~~~~~~~~~~
~~~~~
    + CategoryInfo          : NotSpecified: (:S 
   tring) [], RemoteException
    + FullyQualifiedErrorId : NativeCommandErro 
   r
 
FAILURE: Build failed with an exception.

* What went wrong:
Execution failed for task 
':app:checkDebugAarMetadata'.
> Could not resolve all files for configuration 
':app:debugRuntimeClasspath'.
   > Could not find 
cz.adaptech:tesseract4android:4.9.0.
     Searched in the following locations:
       - https://dl.google.com/dl/android/maven2
/cz/adaptech/tesseract4android/4.9.0/tesseract4a
ndroid-4.9.0.pom
       - https://repo.maven.apache.org/maven2/cz
/adaptech/tesseract4android/4.9.0/tesseract4andr
oid-4.9.0.pom
     Required by:
         project :app

* Try:
> Run with --stacktrace option to get the stack 
trace.
> Run with --info or --debug option to get more 
log output.
> Run with --scan to get full insights.
> Get more help at https://help.gradle.org.

BUILD FAILED in 6s
1 actionable task: 1 executed
